<html>
<body>
<pre>
<h1>礦ision Build Log</h1>
<h2>Tool Versions:</h2>
IDE-Version: μVision V5.24.2.0
Copyright (C) 2017 ARM Ltd and ARM Germany GmbH. All rights reserved.
License Information: 1 PC, 1, LIC=8VRJ7-ECJWW-VE7HA-17XLF-ZPP1V-BKZ11
 
Tool Versions:
Toolchain:       MDK-ARM Plus  Version: 5.24.1
Toolchain Path:  D:\keil5\ARM\ARMCC\Bin
C Compiler:      Armcc.exe V5.06 update 5 (build 528)
Assembler:       Armasm.exe V5.06 update 5 (build 528)
Linker/Locator:  ArmLink.exe V5.06 update 5 (build 528)
Library Manager: ArmAr.exe V5.06 update 5 (build 528)
Hex Converter:   FromElf.exe V5.06 update 5 (build 528)
CPU DLL:         SARMCM3.DLL V5.24.1
Dialog DLL:      DARMCM1.DLL V1.18.0.0
Target DLL:      STLink\ST-LINKIII-KEIL_SWO.dll V3.0.1.0
Dialog DLL:      TARMCM1.DLL V1.13.0.0
 
<h2>Project:</h2>
D:\TDuser\Desktop\AIcode-main\projects\PY32F002B指路方案验证板\PY32F002B通用板v1\MDK-ARM\Project.uvprojx
Project File Date:  05/29/2026

<h2>Output:</h2>
*** Using Compiler 'V5.06 update 5 (build 528)', folder: 'D:\keil5\ARM\ARMCC\Bin'
Rebuild target 'PY32F002Bx5_Project'
compiling system_py32f002b.c...
assembling startup_py32f002xx.s...
compiling main.c...
..\User\main.c(344): warning:  #188-D: enumerated type mixed with another type
    app = (APP_StateMachine_t){0};                         /* 搴旂敤鐘舵�佹満瀹炰緥 */
..\User\main.c(1274): warning:  #177-D: function "SystemClock_Config"  was declared but never referenced
  static void SystemClock_Config(void)
..\User\main.c: 2 warnings, 0 errors
compiling py32f002b_it.c...
compiling py32f002b_hal_msp.c...
compiling py32f002b_hal.c...
compiling py32f002b_hal_adc.c...
compiling py32f002b_hal_comp.c...
compiling py32f002b_hal_cortex.c...
compiling py32f002b_hal_crc.c...
compiling py32f002b_hal_exti.c...
compiling py32f002b_hal_flash.c...
compiling py32f002b_hal_gpio.c...
compiling py32f002b_hal_i2c.c...
compiling py32f002b_hal_iwdg.c...
compiling py32f002b_hal_lptim.c...
compiling py32f002b_hal_pwr.c...
compiling py32f002b_hal_rcc.c...
compiling py32f002b_hal_rcc_ex.c...
compiling py32f002b_hal_spi.c...
compiling py32f002b_hal_tim.c...
compiling py32f002b_hal_tim_ex.c...
compiling py32f002b_hal_uart.c...
compiling py32f002b_hal_usart.c...
compiling Bsp_Uart.c...
compiling bsp_tim1_pwm.c...
linking...
Program Size: Code=11968 RO-data=656 RW-data=36 ZI-data=1444  
FromELF: creating hex file...
"..\output\TG2501.axf" - 0 Error(s), 2 Warning(s).

<h2>Software Packages used:</h2>

Package Vendor: ARM
                http://www.keil.com/pack/ARM.CMSIS.5.0.1.pack
                ARM.CMSIS.5.0.1
                CMSIS (Cortex Microcontroller Software Interface Standard)
   * Component: CORE Version: 5.0.1

Package Vendor: Puya
                https://www.puyasemi.com/Puya.PY32F0xx_DFP.1.1.7.pack
                Puya.PY32F0xx_DFP.1.1.7
                Puya PY32F0 Series Device Support

<h2>Collection of Component include folders:</h2>
  .\RTE\_PY32F002Bx5_Project
  D:\keil5\ARM\PACK\ARM\CMSIS\5.0.1\CMSIS\Include
  D:\keil5\ARM\PACK\Puya\PY32F0xx_DFP\1.1.7\Device\Include

<h2>Collection of Component Files used:</h2>

   * Component: ARM::CMSIS:CORE:5.0.1
Build Time Elapsed:  00:00:28
</pre>
</body>
</html>
